// Jest Snapshot v1, https://goo.gl/fbAQLP

exports[`App.vue App renders the same HTML 1`] = `
<v-app-stub id="app">
  <NavDrawer-stub></NavDrawer-stub>
  <AppBar-stub searchUserOption="username"></AppBar-stub>
  <!---->
</v-app-stub>
`;
