// Jest Snapshot v1, https://goo.gl/fbAQLP

exports[`AppBar.vue AppBar renders the same HTML 1`] = `
<v-app-bar-stub height="64" tag="header" tile="true" extensionHeight="48" src="" value="true" app="true">
  <v-app-bar-nav-icon-stub class="hidden-md-and-up"></v-app-bar-nav-icon-stub>
  <v-toolbar-title-stub class="headline text-uppercase hidden-xs-only">
    <v-flex-stub tag="div" class="d-flex align-center">
      <v-img-stub height="64" position="center center" src="" transition="fade-transition" class="hidden-sm-and-down"></v-img-stub> <span>GitHubÂ </span> <span class="font-weight-light">PERSONAS</span>
    </v-flex-stub>
  </v-toolbar-title-stub>
  <v-spacer-stub class="hidden-xs-only"></v-spacer-stub>
  <v-text-field-stub errorCount="1" errorMessages="" messages="" rules="val =&gt; {
            /* istanbul ignore next */cov_bn3qa1xeo.f[1]++;

            const regex = /* istanbul ignore next */(cov_bn3qa1xeo.s[11]++, /^(([A-Za-z0-9])+(([A-Za-z0-9-])+([A-Za-z0-9]))?)*$/);
            /* istanbul ignore next */cov_bn3qa1xeo.s[12]++;
            return (/* istanbul ignore next */(cov_bn3qa1xeo.b[1][0]++, regex.test(val)) || /* istanbul ignore next */(cov_bn3qa1xeo.b[1][1]++, 'Invalid username.')
            );
          }" successMessages="" value="" backgroundColor="" hideDetails="true" label="Search by Username" prependIcon="mdi-account-search" loaderHeight="2" clearIcon="$vuetify.icons.clear" type="input" maxlength="39" data-test="searchFieldTest"></v-text-field-stub>
</v-app-bar-stub>
`;
